---
source: tests/comments.rs
expression: ast
---
{
  "treeType": "documentFragment",
  "children": [
    "x",
    "y",
    "z"
  ]
}
