---
source: tests/comments.rs
expression: ast
---
{
  "treeType": "documentFragment",
  "children": [
    "hello !\"#/()="
  ]
}
