---
source: tests/document_fragment.rs
expression: dom
---
{
  "treeType": "documentFragment",
  "children": [
    "hello",
    "world?",
    {
      "name": "div",
      "variant": "void"
    }
  ]
}
