---
source: tests/document.rs
expression: dom
---
{
  "treeType": "document",
  "children": [
    "comment",
    "comment",
    "comment",
    "comment",
    {
      "name": "html",
      "variant": "normal",
      "children": [
        "comment"
      ]
    },
    "comment",
    "comment"
  ]
}
