---
source: tests/element.rs
expression: dom
---
{
  "treeType": "documentFragment",
  "children": [
    {
      "name": "div",
      "variant": "normal",
      "children": [
        "comment",
        {
          "name": "div",
          "variant": "void"
        },
        "Hello",
        {
          "name": "div",
          "variant": "normal",
          "children": [
            "World"
          ]
        }
      ]
    }
  ]
}
